Microchip MPLAB XC8 Compiler V2.40

Linker command line:

-W-3 \
  --edf=C:\Program Files\Microchip\xc8\v2.40\pic\dat\20220703182018_en.msgs \
  -cn -h+dist/default/production\Racerbil.X.production.sym \
  --cmf=dist/default/production\Racerbil.X.production.cmf -z -Q16F684 \
  -oC:\Users\frede\AppData\Local\Temp\xcAskio.4 --fixupoverflow=error \
  -Mdist/default/production/Racerbil.X.production.map \
  --md=C:\Users\frede\AppData\Local\Temp\xcAskio.dat -E1 -ver=XC8 Compiler \
  --acfsm=1493 -ACODE=00h-07FFh -ASTRCODE=00h-07FFh -ASTRING=00h-0FFhx8 \
  -ACONST=00h-0FFhx8 -AENTRY=00h-0FFhx8 -ACOMMON=070h-07Fh \
  -ABANK0=020h-06Fh -ABANK1=0A0h-0BFh -ARAM=020h-06Fh,0A0h-0BFh \
  -AABS1=020h-07Fh,0A0h-0BFh -ASFR0=00h-01Fh -ASFR1=080h-09Fh \
  -ACONFIG=02007h-02007h -DCONFIG=2 -AIDLOC=02000h-02003h -DIDLOC=2 \
  -AEEDATA=00h-0FFh/02100h -peeprom_data=EEDATA -DEEDATA=2 -DCODE=2 \
  -DSTRCODE=2 -DSTRING=2 -DCONST=2 -DENTRY=2 \
  -preset_vec=00h,intentry=04h,init,end_init -ppowerup=CODE -pcinit=CODE \
  -pfunctab=ENTRY -k C:\Users\frede\AppData\Local\Temp\xcAskio.o \
  dist/default/production\Racerbil.X.production.o 

Object code version is 3.11

Machine type is 16F684



                Name                               Link     Load   Length Selector   Space Scale
C:\Users\frede\AppData\Local\Temp\xcAskio.o
                end_init                              A        A        1        8       0
                reset_vec                             0        0        1        0       0
                config                             2007     2007        1        0       4
dist/default/production\Racerbil.X.production.o
                cinit                                 B        B        6        8       0
                intentry                              4        4        6        8       0
                config                             2007     2007        1        0       4
                text3                                7E       7E       24        8       0
                text2                                11       11       38        8       0
                text1                                49       49       35        8       0
                maintext                             A2       A2       11        8       0
                cstackCOMMON                         70       70        8       70       1
                bssCOMMON                            78       78        4       70       1
                strings                              B3       B3        7      166       0

TOTAL           Name                               Link     Load   Length     Space
        CLASS   CODE           
                end_init                              A        A        1         0
                cinit                                 B        B        6         0
                intentry                              4        4        6         0
                reset_vec                             0        0        1         0
                text3                                7E       7E       24         0
                text2                                11       11       38         0
                text1                                49       49       35         0
                maintext                             A2       A2       11         0

        CLASS   STRCODE        

        CLASS   STRING         
                strings                              B3       B3        7         0

        CLASS   CONST          

        CLASS   ENTRY          

        CLASS   COMMON         
                cstackCOMMON                         70       70        8         1
                bssCOMMON                            78       78        4         1

        CLASS   BANK0          

        CLASS   BANK1          

        CLASS   RAM            

        CLASS   ABS1           
                abs_s1                               7E       7E        2         1

        CLASS   SFR0           

        CLASS   SFR1           

        CLASS   CONFIG         
                config                             2007     2007        1         4

        CLASS   IDLOC          

        CLASS   EEDATA         

        CLASS   STACK          



SEGMENTS        Name                           Load    Length   Top    Selector   Space  Class     Delta

                reset_vec                      000000  000001  000001         0       0  CODE        2
                intentry                       000004  0000AF  0000B3         8       0  CODE        2
                cstackCOMMON                   000070  00000C  00007C        70       1  COMMON      1
                strings                        0000B3  000007  0000BA       166       0  STRING      2


UNUSED ADDRESS RANGES

        Name                Unused          Largest block    Delta
        BANK0            0020-006F             50           1
        BANK1            00A0-00BF             20           1
        CODE             0001-0003              3           2
                         00BA-07FF            746
        COMMON           007C-007D              2           1
        CONST            0001-0003              3           2
                         00BA-07FF            100
        EEDATA           2100-21FF            100           2
        ENTRY            0001-0003              3           2
                         00BA-07FF            100
        IDLOC            2000-2003              4           2
        RAM              0020-006F             50           1
                         00A0-00BF             20
        SFR0             0000-001F             20           1
        SFR1             0080-009F             20           1
        STRCODE          0001-0003              3           2
                         00BA-07FF            746
        STRING           0001-0003              3           2
                         00BA-07FF            100

                                  Symbol Table

?_ADC_Read               cstackCOMMON 0072
ADC_Read@channel         cstackCOMMON 0072
_ADCON0                  (abs)        001F
_ADCON0bits              (abs)        001F
_ADCON1                  (abs)        009F
_ADC_Read                text2        0011
_ADRESH                  (abs)        001E
_ADRESL                  (abs)        009E
_ANSEL                   (abs)        0091
_CCP1CON                 (abs)        0015
_CCPR1L                  (abs)        0013
_CMCON0                  (abs)        0019
_GO_DONE                 (abs)        00F9
_INTCONbits              (abs)        000B
_ISR                     text3        007E
_OPTION_REGbits          (abs)        0081
_OSCCON                  (abs)        008F
_PR2                     (abs)        0092
_RA5                     (abs)        002D
_STATUS                  (abs)        0003
_T2CON                   (abs)        0012
_TMR0                    (abs)        0001
_TMR2                    (abs)        0011
_TMR2ON                  (abs)        0092
_TRISAbits               (abs)        0085
_TRISCbits               (abs)        0087
__Habs1                  abs1         0000
__Hbank0                 bank0        0000
__Hbank1                 bank1        0000
__HbssCOMMON             bssCOMMON    0000
__Hcinit                 cinit        0011
__Hclrtext               clrtext      0000
__Hcode                  code         0000
__Hcommon                common       0000
__Hconfig                config       2008
__HcstackCOMMON          cstackCOMMON 0000
__Heeprom_data           eeprom_data  0000
__Hend_init              end_init     000B
__Hfunctab               functab      0000
__Hinit                  init         000A
__Hintentry              intentry     000A
__Hmaintext              maintext     0000
__Hpowerup               powerup      0000
__Hram                   ram          0000
__Hreset_vec             reset_vec    0001
__Hsfr0                  sfr0         0000
__Hsfr1                  sfr1         0000
__Hspace_0               (abs)        00BA
__Hspace_1               (abs)        007C
__Hspace_2               (abs)        0000
__Hspace_3               (abs)        0000
__Hspace_4               (abs)        400F
__Hstack                 stack        0000
__Hstrings               strings      0000
__Htext                  text         0000
__Labs1                  abs1         0000
__Lbank0                 bank0        0000
__Lbank1                 bank1        0000
__LbssCOMMON             bssCOMMON    0000
__Lcinit                 cinit        000B
__Lclrtext               clrtext      0000
__Lcode                  code         0000
__Lcommon                common       0000
__Lconfig                config       0000
__LcstackCOMMON          cstackCOMMON 0000
__Leeprom_data           eeprom_data  0000
__Lend_init              end_init     000A
__Lfunctab               functab      0000
__Linit                  init         000A
__Lintentry              intentry     0004
__Lmaintext              maintext     0000
__Lpowerup               powerup      0000
__Lram                   ram          0000
__Lreset_vec             reset_vec    0000
__Lsfr0                  sfr0         0000
__Lsfr1                  sfr1         0000
__Lspace_0               (abs)        0000
__Lspace_1               (abs)        0000
__Lspace_2               (abs)        0000
__Lspace_3               (abs)        0000
__Lspace_4               (abs)        0000
__Lstack                 stack        0000
__Lstrings               strings      0000
__Ltext                  text         0000
__S0                     (abs)        00BA
__S1                     (abs)        007C
__S3                     (abs)        0000
___int_sp                stack        0000
___latbits               (abs)        0000
___sp                    stack        0000
___stackhi               (abs)        0000
___stacklo               (abs)        0000
__end_of_ADC_Read        text2        0049
__end_of_ISR             text3        00A2
__end_of_TMR0_TIME       strings      00BA
__end_of__initialization cinit        000F
__end_of__stringtab      strings      00B9
__end_of_main            maintext     00B3
__end_of_setup           text1        007E
__initialization         cinit        000B
__pbssCOMMON             bssCOMMON    0078
__pcstackCOMMON          cstackCOMMON 0070
__pintentry              intentry     0004
__pmaintext              maintext     00A2
__pstrings               strings      00B3
__ptext1                 text1        0049
__ptext2                 text2        0011
__ptext3                 text3        007E
__stringbase             strings      00B8
__stringtab              strings      00B3
_main                    maintext     00A2
_ms_time                 bssCOMMON    0078
_sec_time                bssCOMMON    007A
_setup                   text1        0049
btemp                    (abs)        007E
end_of_initialization    cinit        000F
interrupt_function       intentry     0004
intlevel0                functab      0000
intlevel1                functab      0000
intlevel2                functab      0000
intlevel3                functab      0000
intlevel4                functab      0000
intlevel5                functab      0000
main@ADC_PWM             cstackCOMMON 0076
reset_vec                reset_vec    0000
saved_w                  (abs)        007E
start                    init         000A
start_initialization     cinit        000B
wtemp0                   (abs)        007E


MODULE INFORMATION

Module		Function		Class		Link	Load	Size
shared
		__stringtab    		STRING         	00B3	0000	6
		__initialization		CODE           	000B	0000	4
		_TMR0_TIME     		STRING         	0000	0000	0

shared estimated size: 10

main.c
		_ISR           		CODE           	007E	0000	36
		_main          		CODE           	00A2	0000	17
		_setup         		CODE           	0049	0000	53
		_ADC_Read      		CODE           	0011	0000	56

main.c estimated size: 162

